// Vitest Snapshot v1, https://vitest.dev/guide/snapshot.html

exports[`PrismaQueue > enqueue > should properly enqueue a job 1`] = `
[
  "id",
]
`;

exports[`PrismaQueue > should properly create a queue 1`] = `
[
  "_events",
  "_eventsCount",
  "_maxListeners",
  "name",
  "config",
  "concurrency",
  "stopped",
  "options",
  "worker",
]
`;
